============================================================
  GooeyTrade Bot
  Mode: LIVE
  Trades so far: 25
  Pending SL/TP: 23 trade(s)
============================================================

  [TV] Scraping: https://www.tradingview.com/chart/k6hILD7L/?symbol=OANDA%3AXAUUSD
  [OCR] Raw text: 'SELL 4130.41“\nSL 4142.07,\nTP 4131.42\n\nStatus OLD 4\n\n4\n'
  [OCR] Lines: ['SELL 4130.41“', 'SL 4142.07,', 'TP 4131.42', 'Status OLD 4', '4']
  [OCR] Parsed: {'direction': 'sell', 'entry_price': 4130.41, 'sl': 4142.07, 'tp': 4131.42, 'status': 'old'}
  [TV] Labels found: 5
       - ATR14RMA1.5highlow
       - Supertrend103
       - EMA200close
       - XAUUSD 5m - EMA200 Bias + Supertrend Flip Entry200103141.53200.5
       - XAUUSD 5m - EMA200 Bias + Supertrend Flip Entry200103141.53200.5
  Trade page loaded.

  [Phase B] No open positions found — nothing to scan

  [Phase A] Entry signal: SELL @ 4130.41 (SL/TP after candle close)
  [Phase A] Signal status: OLD (>120s) — skipping

  No actionable signals from TradingView this run.

  Waiting 5 seconds before closing...

  Done.
